<div>
    <!-- ko if -->
        <button action="a->b">
            hi
        </button>
    <!-- /ko -->
</div>
